error: unknown rule or token

  a = [ '(' b ')' ]"| [ '( c ')' ]
            ~                      

