error: this grammar is ambiguous

. x 

  can be parsed in two different ways: as

. x     
  b c b 
  a---- 

  or as

.     x 
  b c b 
  a---- 

