error: this grammar is ambiguous

. ( ( ( ) ) ( ) ) 

  can be parsed in two different ways: as

. ( ( ( ) ) ( ) ) 
  | | c--   |     
  | | a--   |     
  | c------ c--   
  | a------ a--   
  c-------------- 
  a-------------- 

  or as

. ( ( ( ) ) ( ) ) 
  | | c--   |     
  | | a--   |     
  | b------ c--   
  | a----------   
  c-------------- 
  a-------------- 

