error: this grammar is ambiguous

. ( ) 

  can be parsed in two different ways: as

. (  ) 
  |b   
  a--- 

  or as

. (    ) 
  |b b   
  a----- 

