error: this user-defined token can't share its name with a keyword

  .token other
         ~~~~~
  input = other 'other'
                ~~~~~~~

