. 1    , 1.2  , 0x1  , 0xF  , 0xff , 0xff.f
  x:int  x:num  x:int  x:int  x:int  x:num-
