. a         ->b         
  rule:ident  rule:ident
  rule:arrow------------
