. 0    
  y:int

. 1    
  y:int

. .1   
  y:num

. 10000.0
  y:num--

. 23e17
  y:num

. 18446744073709551615
  y:int---------------

. 18446744073709551616
  y:num---------------

. 239485790283745098273409587209348759082374590827345293480193249
  y:num----------------------------------------------------------
