error: there are multiple rules named 'invalid'

  invalid = b
  ~~~~~~~    
  ...
  invalid = c
  ~~~~~~~    

