. if a    { a   .     }
  |  |      expr       
  |  expr   stmt:expr  
  stmt:if--------------
