error: this whitespace was specified twice

  .whitespace 'x'
              ~~~
  .whitespace 'x'
              ~~~

