. xb   xxa   xxxxxa    a   xxxb   
   elem  elem     elem elem   elem
